<?xml version="1.0" encoding="UTF-8"?>
<testsuites name="jest tests" tests="3" failures="0" time="33">
  <testsuite name="AppComponent" errors="0" failures="0" skipped="0" timestamp="2020-06-10T11:54:09" time="21.432" tests="3">
    <testcase classname="AppComponent should create the app" name="AppComponent should create the app" time="2.351">
    </testcase>
    <testcase classname="AppComponent should have as title &apos;angular-tour-of-heroes&apos;" name="AppComponent should have as title &apos;angular-tour-of-heroes&apos;" time="0.829">
    </testcase>
    <testcase classname="AppComponent should render title" name="AppComponent should render title" time="1.804">
    </testcase>
  </testsuite>
</testsuites>